TypeError: Unknown file extension ".ts" for C:\Users\xandr\Desktop\pokemon-engine\scripts\test_weather.ts
    at Object.getFileProtocolModuleFormat [as file:] (node:internal/modules/esm/get_format:219:9)
    at defaultGetFormat (node:internal/modules/esm/get_format:245:36)
    at defaultLoad (node:internal/modules/esm/load:120:22)
    at async ModuleLoader.loadAndTranslate (node:internal/modules/esm/loader:483:32)
    at async ModuleJob._link (node:internal/modules/esm/module_job:115:19) {
  code: 'ERR_UNKNOWN_FILE_EXTENSION'
}
