events
MoveUsed:Player:0:move:physical_screen
ConditionApplied:side:physical_screen:Player
MoveUsed:Enemy:0:move:special_screen
ConditionApplied:side:special_screen:Enemy
MoveUsed:Player:0:move:condition_mutation
ConditionTransferred:side:physical_screen:0:Player->Enemy
ConditionTransferred:side:special_screen:1:Enemy->Player
MoveUsed:Enemy:0:move:wait
MoveUsed:Player:0:move:condition_mutation
ConditionRemoved:side:special_screen:1:Player:Effect
MoveUsed:Enemy:0:move:wait
condition-trace
Transferred:side:physical_screen:0:Player->Enemy
Transferred:side:special_screen:1:Enemy->Player
Removed:side:special_screen:1:Player->
effect-trace
ConditionSwap:True:2
ConditionRemoval:True:1
