events
MoveUsed:Player:0
DamageDealt:Enemy:0
DamageDealt:Enemy:1
trace
StatusGate:Player:0:-
FlinchGate:Player:0:-
ConfusionGate:Player:0:-
Accuracy:Player:0:Enemy:0
Accuracy:Player:0:Enemy:1
HitCount:Player:0:-
Immunity:Player:0:Enemy:0
Critical:Player:0:Enemy:0
DamageRoll:Player:0:Enemy:0
Damage:Player:0:Enemy:0
Immunity:Player:0:Enemy:1
Critical:Player:0:Enemy:1
DamageRoll:Player:0:Enemy:1
Damage:Player:0:Enemy:1
