events
MoveUsed:Player:0
ConditionApplied
EntryHazardSet:Enemy:hazard:golden_damage:1
MoveUsed:Enemy:0
MoveUsed:Player:0
ConditionApplied
EntryHazardSet:Enemy:hazard:golden_stage:1
MoveUsed:Enemy:0
SwitchedIn:Enemy:0:1
EntryHazardTriggered:Enemy:0:hazard:golden_damage:Damage:50
StatStageChanged:Enemy:0:Spe:-1
EntryHazardTriggered:Enemy:0:hazard:golden_stage:Stage:-1
MoveUsed:Player:0
ConditionApplicationRejected
MoveFailed
condition-trace
Applied:hazard:golden_damage:1
Applied:hazard:golden_stage:1
Rejected:hazard:golden_damage:1
effect-trace
EntryHazard:Enemy:0:hazard:golden_damage:True:50
EntryHazard:Enemy:0:hazard:golden_stage:True:-1
