events
MoveUsed:Player:0
DamageDealt:Enemy:0
Fainted:Enemy:0
DamageDealt:Enemy:1
Fainted:Enemy:1
ActionInvalidated
ActionInvalidated
ReplacementRequested:Enemy:0
ReplacementRequested:Enemy:1
SwitchedIn:Enemy:0:2
SwitchedIn:Enemy:1:3
MoveUsed:Player:0
DamageDealt:Player:1
Fainted:Player:1
DamageDealt:Enemy:0
Fainted:Enemy:0
DamageDealt:Enemy:1
Fainted:Enemy:1
Fainted:Player:0
BattleEnded:
trace
StatusGate:Player:0:-
FlinchGate:Player:0:-
ConfusionGate:Player:0:-
Accuracy:Player:0:Enemy:0
Accuracy:Player:0:Enemy:1
HitCount:Player:0:-
Immunity:Player:0:Enemy:0
Critical:Player:0:Enemy:0
DamageRoll:Player:0:Enemy:0
Damage:Player:0:Enemy:0
Immunity:Player:0:Enemy:1
Critical:Player:0:Enemy:1
DamageRoll:Player:0:Enemy:1
Damage:Player:0:Enemy:1
StatusGate:Player:0:-
FlinchGate:Player:0:-
ConfusionGate:Player:0:-
Accuracy:Player:0:Player:1
Accuracy:Player:0:Enemy:0
Accuracy:Player:0:Enemy:1
HitCount:Player:0:-
Immunity:Player:0:Player:1
Critical:Player:0:Player:1
DamageRoll:Player:0:Player:1
Damage:Player:0:Player:1
Immunity:Player:0:Enemy:0
Critical:Player:0:Enemy:0
DamageRoll:Player:0:Enemy:0
Damage:Player:0:Enemy:0
Immunity:Player:0:Enemy:1
Critical:Player:0:Enemy:1
DamageRoll:Player:0:Enemy:1
Damage:Player:0:Enemy:1
